[gen] /Users/edward/.oMLX/models/gemma-4-26b-a4b-it-MLX-4bit: 0 spare embedding rows -- hedge tokens unavailable, answer metrics only
[gen] 3622 examples | source=temporal-delta:test | arm=base | adapter=None
[gen] 100/3622  EM=0.080 hedge_acc=0.000 fallback=0.000 (30s, 0.30s/ex)
[gen] 200/3622  EM=0.050 hedge_acc=0.000 fallback=0.000 (66s, 0.33s/ex)
[gen] 300/3622  EM=0.067 hedge_acc=0.000 fallback=0.000 (93s, 0.31s/ex)
[gen] 400/3622  EM=0.065 hedge_acc=0.000 fallback=0.000 (130s, 0.32s/ex)
[gen] 500/3622  EM=0.054 hedge_acc=0.000 fallback=0.000 (170s, 0.34s/ex)
[gen] 600/3622  EM=0.045 hedge_acc=0.000 fallback=0.000 (215s, 0.36s/ex)
[gen] 700/3622  EM=0.040 hedge_acc=0.000 fallback=0.000 (256s, 0.37s/ex)
[gen] 800/3622  EM=0.035 hedge_acc=0.000 fallback=0.000 (301s, 0.38s/ex)
[gen] 900/3622  EM=0.031 hedge_acc=0.000 fallback=0.000 (347s, 0.39s/ex)
[gen] 1000/3622  EM=0.029 hedge_acc=0.000 fallback=0.000 (391s, 0.39s/ex)
[gen] 1100/3622  EM=0.026 hedge_acc=0.000 fallback=0.000 (435s, 0.40s/ex)
[gen] 1200/3622  EM=0.024 hedge_acc=0.000 fallback=0.000 (477s, 0.40s/ex)
[gen] 1300/3622  EM=0.022 hedge_acc=0.000 fallback=0.000 (515s, 0.40s/ex)
[gen] 1400/3622  EM=0.022 hedge_acc=0.000 fallback=0.000 (549s, 0.39s/ex)
[gen] 1500/3622  EM=0.021 hedge_acc=0.000 fallback=0.000 (587s, 0.39s/ex)
[gen] 1600/3622  EM=0.019 hedge_acc=0.000 fallback=0.000 (625s, 0.39s/ex)
[gen] 1700/3622  EM=0.021 hedge_acc=0.000 fallback=0.000 (655s, 0.39s/ex)
[gen] 1800/3622  EM=0.021 hedge_acc=0.000 fallback=0.000 (689s, 0.38s/ex)
[gen] 1900/3622  EM=0.023 hedge_acc=0.000 fallback=0.000 (724s, 0.38s/ex)
[gen] 2000/3622  EM=0.022 hedge_acc=0.000 fallback=0.000 (760s, 0.38s/ex)
[gen] 2100/3622  EM=0.021 hedge_acc=0.000 fallback=0.000 (797s, 0.38s/ex)
[gen] 2200/3622  EM=0.020 hedge_acc=0.000 fallback=0.000 (834s, 0.38s/ex)
[gen] 2300/3622  EM=0.019 hedge_acc=0.000 fallback=0.000 (872s, 0.38s/ex)
[gen] 2400/3622  EM=0.020 hedge_acc=0.000 fallback=0.000 (905s, 0.38s/ex)
[gen] 2500/3622  EM=0.022 hedge_acc=0.000 fallback=0.000 (935s, 0.37s/ex)
[gen] 2600/3622  EM=0.022 hedge_acc=0.000 fallback=0.000 (967s, 0.37s/ex)
[gen] 2700/3622  EM=0.023 hedge_acc=0.000 fallback=0.000 (999s, 0.37s/ex)
[gen] 2800/3622  EM=0.022 hedge_acc=0.000 fallback=0.000 (1031s, 0.37s/ex)
[gen] 2900/3622  EM=0.022 hedge_acc=0.000 fallback=0.000 (1069s, 0.37s/ex)
[gen] 3000/3622  EM=0.022 hedge_acc=0.000 fallback=0.000 (1100s, 0.37s/ex)
[gen] 3100/3622  EM=0.021 hedge_acc=0.000 fallback=0.000 (1133s, 0.37s/ex)
[gen] 3200/3622  EM=0.022 hedge_acc=0.000 fallback=0.000 (1170s, 0.37s/ex)
[gen] 3300/3622  EM=0.021 hedge_acc=0.000 fallback=0.000 (1202s, 0.36s/ex)
[gen] 3400/3622  EM=0.023 hedge_acc=0.000 fallback=0.000 (1226s, 0.36s/ex)
[gen] 3500/3622  EM=0.023 hedge_acc=0.000 fallback=0.000 (1261s, 0.36s/ex)
[gen] 3600/3622  EM=0.022 hedge_acc=0.000 fallback=0.000 (1295s, 0.36s/ex)

[gen] wrote data/prep/predictions_7b/gemma4_26b_test.jsonl
[gen] n=3622  EM=0.0218  hedge_acc=0.0000  fallback_rate=0.0000  wall=1301s
