{
 "screen": {
  "n_chars": 0.5343256059009484,
  "n_words": 0.5279768177028451,
  "has_digit": 0.5168071654373024,
  "temporal_cue": 0.7551106427818757,
  "past_tense_cue": 0.6576923076923077,
  "starts_who": 0.5134351949420443
 },
 "contrasts": {
  "fq_g3_4b": {
   "staleness": {
    "n": 159,
    "auroc": 0.45741861476998535,
    "ci95": [
     0.42798841026858114,
     0.48467327241802144
    ],
    "paired_win": 0.4339622641509434,
    "sign_p": 0.11243011953491903
   },
   "truth": {
    "n": 145,
    "auroc": 0.6663020214030916,
    "ci95": [
     0.612602853745541,
     0.719667063020214
    ],
    "paired_win": 0.6689655172413793,
    "sign_p": 5.777411800528586e-05
   },
   "screen_model_auroc": 0.5659334126040427,
   "admitted_truth_ge_0.70": false
  },
  "fq_gptoss_20b": {
   "staleness": {
    "n": 159,
    "auroc": 0.4841580633677465,
    "ci95": [
     0.4615719314900518,
     0.5059946204659626
    ],
    "paired_win": 0.49056603773584906,
    "sign_p": 0.8740403384263956
   },
   "truth": {
    "n": 145,
    "auroc": 0.6591200951248514,
    "ci95": [
     0.6083234244946493,
     0.7076373365041617
    ],
    "paired_win": 0.696551724137931,
    "sign_p": 2.4905956200295938e-06
   },
   "screen_model_auroc": 0.5757431629013079,
   "admitted_truth_ge_0.70": false
  },
  "fq_qwen25_7b": {
   "staleness": {
    "n": 159,
    "auroc": 0.49021003915984335,
    "ci95": [
     0.4591185079704126,
     0.5224486768719592
    ],
    "paired_win": 0.4968553459119497,
    "sign_p": 1.0
   },
   "truth": {
    "n": 145,
    "auroc": 0.699024970273484,
    "ci95": [
     0.6453234244946492,
     0.7502497027348395
    ],
    "paired_win": 0.7103448275862069,
    "sign_p": 4.2905018827335663e-07
   },
   "screen_model_auroc": 0.5656956004756243,
   "admitted_truth_ge_0.70": false
  },
  "fq_qwen35_27b": {
   "staleness": {
    "n": 159,
    "auroc": 0.482378070487718,
    "ci95": [
     0.4551214350698153,
     0.5067076065029074
    ],
    "paired_win": 0.4276729559748428,
    "sign_p": 0.08070858724864134
   },
   "truth": {
    "n": 145,
    "auroc": 0.6997859690844233,
    "ci95": [
     0.6462734839476814,
     0.7513923900118906
    ],
    "paired_win": 0.7241379310344828,
    "sign_p": 6.493107355315602e-08
   },
   "screen_model_auroc": 0.5804399524375743,
   "admitted_truth_ge_0.70": false
  },
  "fq_qwen36_27b_stock": {
   "staleness": {
    "n": 159,
    "auroc": 0.48229895969305014,
    "ci95": [
     0.4572950041533167,
     0.5056405996598237
    ],
    "paired_win": 0.44654088050314467,
    "sign_p": 0.20433958933821758
   },
   "truth": {
    "n": 145,
    "auroc": 0.7123900118906065,
    "ci95": [
     0.6611153388822829,
     0.7638061831153389
    ],
    "paired_win": 0.7586206896551724,
    "sign_p": 3.1877570240121074e-10
   },
   "screen_model_auroc": 0.5820451843043994,
   "admitted_truth_ge_0.70": true
  },
  "fq_qwen36_35b": {
   "staleness": {
    "n": 159,
    "auroc": 0.4790554171116649,
    "ci95": [
     0.45286974407657926,
     0.5051224239547486
    ],
    "paired_win": 0.4591194968553459,
    "sign_p": 0.3412944918305006
   },
   "truth": {
    "n": 145,
    "auroc": 0.7099643281807372,
    "ci95": [
     0.6579191438763377,
     0.7601426872770511
    ],
    "paired_win": 0.7241379310344828,
    "sign_p": 6.493107355315602e-08
   },
   "screen_model_auroc": 0.5835315101070155,
   "admitted_truth_ge_0.70": true
  },
  "fq_qwen3_4b_it": {
   "staleness": {
    "n": 159,
    "auroc": 0.48787627071713935,
    "ci95": [
     0.4574977255646533,
     0.5154088050314465
    ],
    "paired_win": 0.4339622641509434,
    "sign_p": 0.11243011953491903
   },
   "truth": {
    "n": 145,
    "auroc": 0.6711058263971462,
    "ci95": [
     0.6172164090368609,
     0.7259036860879905
    ],
    "paired_win": 0.7379310344827587,
    "sign_p": 8.595663351161875e-09
   },
   "screen_model_auroc": 0.5752080856123662,
   "admitted_truth_ge_0.70": false
  },
  "fq_qwen3_4b_th": {
   "staleness": {
    "n": 159,
    "auroc": 0.4902891499545113,
    "ci95": [
     0.46315118072861045,
     0.5186513587278985
    ],
    "paired_win": 0.5283018867924528,
    "sign_p": 0.5259245063255036
   },
   "truth": {
    "n": 145,
    "auroc": 0.6469441141498217,
    "ci95": [
     0.594052318668252,
     0.7019262782401903
    ],
    "paired_win": 0.696551724137931,
    "sign_p": 2.4905956200295938e-06
   },
   "screen_model_auroc": 0.5654577883472057,
   "admitted_truth_ge_0.70": false
  },
  "fq_tsct": {
   "staleness": {
    "n": 159,
    "auroc": 0.4788180847276611,
    "ci95": [
     0.4429403504608204,
     0.5135101459594161
    ],
    "paired_win": 0.4528301886792453,
    "sign_p": 0.26682526360032166
   },
   "truth": {
    "n": 145,
    "auroc": 0.6668252080856124,
    "ci95": [
     0.6110820451843044,
     0.7198585017835909
    ],
    "paired_win": 0.7379310344827587,
    "sign_p": 8.595663351161875e-09
   },
   "screen_model_auroc": 0.5248513674197384,
   "admitted_truth_ge_0.70": false
  }
 },
 "calibration_keys": [
  "freshqa_sft_only_seed0",
  "freshqa_sft_only_seed1",
  "freshqa_tsct_seed0_paired",
  "freshqa_tsct_seed1"
 ]
}
