{
  "n": 3622,
  "w_volatile": 0.9075096631695196,
  "acc_volatile": 0.02555521752357773,
  "acc_slow": 0.04477611940298507,
  "ece_oracle": 0.4504141358365544,
  "ece_const_unknown": 0.07266703478741027,
  "ratio": 6.198328267477204,
  "ratio_ci95": [
    5.849393229698454,
    6.6196546052631575
  ],
  "gap_ci95": [
    0.37501380452788513,
    0.380563224737714
  ],
  "crossover_av_closed_form": 0.31375114085792516,
  "crossover_av_grid": 0.31376000000000004,
  "crossover_av_by_slow_acc": {
    "a_s=0.00": 0.31831457255856405,
    "a_s=0.04": 0.31375114085792516,
    "a_s=0.25": 0.292835412229997,
    "a_s=0.50": 0.2673562519014299,
    "a_s=0.75": 0.24187709157286286
  },
  "oracle_beats_best_constant_av_range": null,
  "age_years_where_const_unknown_beats_oracle": {
    "1.0": [
      2000,
      2001,
      2002,
      2003,
      2004,
      2005,
      2006,
      2007,
      2008,
      2009,
      2010,
      2011,
      2024,
      2025,
      2026
    ],
    "0.5": [
      2000,
      2001,
      2002,
      2003,
      2004,
      2005,
      2006,
      2007,
      2008,
      2009,
      2010,
      2011,
      2012,
      2013,
      2014,
      2015,
      2016,
      2017,
      2018,
      2023,
      2024,
      2025,
      2026
    ],
    "0.2": [
      2000,
      2001,
      2002,
      2003,
      2004,
      2005,
      2006,
      2007,
      2008,
      2009,
      2010,
      2011,
      2012,
      2013,
      2014,
      2015,
      2016,
      2017,
      2018,
      2019,
      2020,
      2021,
      2022,
      2023,
      2024,
      2025,
      2026
    ],
    "0.05": [
      2000,
      2001,
      2002,
      2003,
      2004,
      2005,
      2006,
      2007,
      2008,
      2009,
      2010,
      2011,
      2012,
      2013,
      2014,
      2015,
      2016,
      2017,
      2018,
      2019,
      2020,
      2021,
      2022,
      2023,
      2024,
      2025,
      2026
    ]
  },
  "age_n_matched": 3312
}
